us_scsi.c:151:6:usb_scsi_done_op	0	static
us_scsi.c:26:6:usb_fill_inquiry	16	static
us_scsi.c:39:6:usb_fill_read_10	24	static
us_scsi.c:63:6:usb_fill_write_10	24	static
us_scsi.c:86:6:usb_fill_read_capacity_10	8	static
us_scsi.c:96:6:usb_fill_read_capacity_16	16	static
us_scsi.c:111:6:usb_fill_request_sense	16	static
us_scsi.c:124:6:usb_fill_mode_sense	16	static
us_scsi.c:138:6:usb_fill_test_unit_ready	16	static
us_scsi.c:163:6:usb_fill_srb	16	static
us_scsi.c:197:5:queuecommand	24	static
us_scsi.c:225:5:scsi_cmnd_execute	32	static
